2026-07-28T16:04:43+08:00
classification=pre-run CLI bearer transport failure
authorization_raw_sha256=385fef5098a57a5757236034be6bd7646c6055dcf24de1e71a3f1e8a0e9d1959
broker_transport_expression=input=token.hex() + "\\n"
broker_transport_observed_suffix=0x5c 0x6e
expected_suffix=0x0a

FORMAL_ONE_SHOT_START
Traceback (most recent call last):
  File "/home/exuber/CODE/CORE/pythonProject1/AUTORESEARCH/FLUXV/platform/actual_wake_reachable_pressure_obstruction_v22_one_shot.py", line 2920, in main
    token = bytes.fromhex(token_hex.decode("ascii"))
            ^^^^^^^^^^^^^^^^^^^^^^^^^^^^^^^^^^^^^^^^
ValueError: non-hexadecimal number found in fromhex() arg at position 64

The above exception was the direct cause of the following exception:

Traceback (most recent call last):
  File "<string>", line 24, in <module>
  File "/home/exuber/CODE/CORE/pythonProject1/AUTORESEARCH/FLUXV/platform/actual_wake_reachable_pressure_obstruction_v22_one_shot.py", line 2922, in main
    raise OneShotAuthorizationError(
_fluxv_one_shot_formal_bootstrap.OneShotAuthorizationError: standard input must contain exactly one 64-hex-character token
FORMAL_ONE_SHOT_EXIT=1
TOKEN_DROPPED

post_failure_observation:
  authorization_present=true
  authorization_raw_sha256=385fef5098a57a5757236034be6bd7646c6055dcf24de1e71a3f1e8a0e9d1959
  result_present=false
  permanent_marker_present=false
  latest_pointer_present=false
  bytecode_cache_present=false
  run_authorized_once_entered=false
  collector_called=false
  mesh_or_history_constructed=false
