Warp 1.14.0 initialized:
   CUDA Toolkit 12.9, Driver 13.0
   Devices:
     "cpu"      : "x86_64"
     "cuda:0"   : "NVIDIA GeForce RTX 4090 D" (24 GiB, sm_89, mempool enabled)
   Kernel cache:
     /home/exuber/.cache/warp/1.14.0
Module diff_uvlm_unsteady_gpu 03149f2 load on device 'cuda:0' took 2.10 ms  (cached)
Module _v2_robo befcb08 load on device 'cuda:0' took 5.05 ms  (cached)
[v41-fresh151] 35/151 6_2.6_27.5_5: L=+5.749 T=+0.753 (47s)
[v41-fresh151] 36/151 6_2.6_30_5: L=+6.043 T=+0.685 (53s)
[v41-fresh151] 37/151 6_2.6_35_5: L=+6.291 T=+0.537 (45s)
[v41-fresh151] 38/151 6_2.6_40_5: L=+6.600 T=+0.364 (51s)
[v41-fresh151] 39/151 6_2.6_45_5: L=+6.805 T=+0.208 (69s)
[v41-fresh151] 40/151 8_1.4_0_5: L=+6.215 T=-0.422 (334s)
[v41-fresh151] 41/151 8_1.4_5_5: L=+6.027 T=-0.425 (343s)
[v41-fresh151] 42/151 8_1.4_10_5: L=+5.911 T=-0.446 (347s)
[v41-fresh151] 43/151 8_1.4_15_5: L=+5.879 T=-0.495 (357s)
[v41-fresh151] 44/151 8_1.4_20_5: L=+5.882 T=-0.491 (354s)
[v41-fresh151] 45/151 8_1.4_22.5_0: L=+2.749 T=-0.211 (416s)
[v41-fresh151] 46/151 8_1.4_22.5_5: L=+5.904 T=-0.475 (376s)
[v41-fresh151] 47/151 8_1.4_22.5_10: L=+9.266 T=-1.286 (362s)
[v41-fresh151] 48/151 8_1.4_22.5_15: L=+12.814 T=-3.353 (340s)
[v41-fresh151] 49/151 8_1.4_25_5: L=+5.919 T=-0.491 (342s)
[v41-fresh151] 50/151 8_1.4_27.5_5: L=+5.962 T=-0.525 (362s)
[v41-fresh151] 51/151 8_1.4_30_5: L=+6.028 T=-0.570 (336s)
[v41-fresh151] 52/151 8_1.4_35_5: L=+6.181 T=-0.713 (332s)
[v41-fresh151] 53/151 8_1.4_40_5: L=+6.294 T=-0.841 (330s)
[v41-fresh151] 54/151 8_1.4_45_5: L=+6.641 T=-1.002 (345s)
[v41-fresh151] 55/151 8_1.7_0_5: L=+6.112 T=-0.218 (173s)
[v41-fresh151] 56/151 8_1.7_5_5: L=+6.059 T=-0.212 (213s)
[v41-fresh151] 57/151 8_1.7_10_5: L=+6.066 T=-0.252 (191s)
[v41-fresh151] 58/151 8_1.7_15_5: L=+6.102 T=-0.179 (186s)
[v41-fresh151] 59/151 8_1.7_20_5: L=+6.197 T=-0.137 (193s)
[v41-fresh151] 60/151 8_1.7_22.5_0: L=+3.115 T=+0.145 (181s)
[v41-fresh151] 61/151 8_1.7_22.5_5: L=+6.232 T=-0.173 (189s)
[v41-fresh151] 62/151 8_1.7_22.5_10: L=+9.766 T=-1.133 (198s)
[v41-fresh151] 63/151 8_1.7_22.5_15: L=+13.372 T=-3.241 (181s)
[v41-fresh151] 64/151 8_1.7_25_5: L=+6.334 T=-0.200 (180s)
[v41-fresh151] 65/151 8_1.7_27.5_5: L=+6.439 T=-0.253 (190s)
[v41-fresh151] 66/151 8_1.7_30_5: L=+6.455 T=-0.299 (208s)
[v41-fresh151] 67/151 8_1.7_35_5: L=+6.656 T=-0.408 (222s)
[v41-fresh151] 68/151 8_1.7_40_5: L=+6.967 T=-0.541 (222s)
[v41-fresh151] 69/151 8_1.7_45_5: L=+7.181 T=-0.740 (210s)
[v41-fresh151] 70/151 8_2_0_5: L=+6.230 T=+0.034 (163s)
[v41-fresh151] 71/151 8_2_5_5: L=+6.285 T=+0.021 (157s)
[v41-fresh151] 72/151 8_2_10_5: L=+6.307 T=+0.143 (188s)
[v41-fresh151] 73/151 8_2_15_5: L=+6.423 T=+0.200 (151s)
[v41-fresh151] 74/151 8_2_20_5: L=+6.562 T=+0.149 (148s)
[v41-fresh151] 75/151 8_2_22.5_0: L=+3.558 T=+0.640 (189s)
[v41-fresh151] 76/151 8_2_22.5_5: L=+6.673 T=+0.142 (263s)
[v41-fresh151] 77/151 8_2_22.5_10: L=+10.290 T=-0.959 (235s)
[v41-fresh151] 78/151 8_2_22.5_15: L=+14.152 T=-3.140 (534s)
[v41-fresh151] 79/151 8_2_25_5: L=+6.773 T=+0.119 (391s)
[v41-fresh151] 80/151 8_2_27.5_5: L=+6.909 T=+0.078 (414s)
[v41-fresh151] 81/151 8_2_30_5: L=+7.024 T=+0.039 (321s)
[v41-fresh151] 82/151 8_2_35_5: L=+7.341 T=-0.096 (362s)
[v41-fresh151] 83/151 8_2_40_5: L=+7.595 T=-0.236 (438s)
[v41-fresh151] 84/151 8_2_45_5: L=+7.830 T=-0.489 (386s)
[v41-fresh151] 85/151 8_2.3_0_5: L=+6.470 T=+0.341 (333s)
[v41-fresh151] 86/151 8_2.3_5_5: L=+6.544 T=+0.487 (305s)
[v41-fresh151] 87/151 8_2.3_10_5: L=+6.666 T=+0.525 (279s)
