2026-08-27 12:40:58,625 INFO GT closed: 14 markers / 12 conditions, sha256=993f410c5d4857a2...
2026-08-27 12:40:58,625 INFO [1/12] IZRA-15-015 (rectangular AR=3 finite wing, forward water flow U=3.048 m/s, Re=309677, heave h/c=0.6, pitch theta_max=15.0 deg at psi=15.0 deg, pivot x/c=0.75)
2026-08-27 12:41:20,666 INFO IZRA-15-015 step 64/512 lesp=0.1188 lev_release=0 particles=11220 wake_rows=1536
2026-08-27 12:42:35,639 INFO IZRA-15-015 step 128/512 lesp=0.1283 lev_release=0 particles=9520 wake_rows=3072
2026-08-27 12:44:28,384 INFO IZRA-15-015 step 192/512 lesp=0.1256 lev_release=0 particles=11220 wake_rows=3072
2026-08-27 12:46:19,438 INFO IZRA-15-015 step 256/512 lesp=0.1260 lev_release=0 particles=10880 wake_rows=3072
2026-08-27 12:48:05,873 INFO IZRA-15-015 step 320/512 lesp=0.1247 lev_release=0 particles=10880 wake_rows=3072
2026-08-27 12:49:49,311 INFO IZRA-15-015 step 384/512 lesp=0.1257 lev_release=0 particles=10880 wake_rows=3072
2026-08-27 12:51:40,428 INFO IZRA-15-015 step 448/512 lesp=0.1228 lev_release=0 particles=10880 wake_rows=3072
2026-08-27 12:53:28,200 INFO IZRA-15-015 step 512/512 lesp=0.1237 lev_release=0 particles=10880 wake_rows=3072
2026-08-27 12:53:28,200 INFO IZRA-15-015 CT_raw=-0.214368 CT=-0.271368 (mean Fx=+30.837 N, 749.4 s, 2639 MiB)
2026-08-27 12:53:28,258 INFO [2/12] IZRA-15-030 (rectangular AR=3 finite wing, forward water flow U=3.048 m/s, Re=309677, heave h/c=0.6, pitch theta_max=15.0 deg at psi=30.0 deg, pivot x/c=0.75)
2026-08-27 12:53:48,136 INFO IZRA-15-030 step 64/512 lesp=0.1231 lev_release=0 particles=10540 wake_rows=1536
2026-08-27 12:54:53,438 INFO IZRA-15-030 step 128/512 lesp=0.1315 lev_release=0 particles=8500 wake_rows=3072
2026-08-27 12:56:33,136 INFO IZRA-15-030 step 192/512 lesp=0.1245 lev_release=0 particles=10200 wake_rows=3072
2026-08-27 12:58:12,668 INFO IZRA-15-030 step 256/512 lesp=0.1293 lev_release=0 particles=9860 wake_rows=3072
2026-08-27 12:59:53,786 INFO IZRA-15-030 step 320/512 lesp=0.1280 lev_release=0 particles=9860 wake_rows=3072
2026-08-27 13:01:34,592 INFO IZRA-15-030 step 384/512 lesp=0.1273 lev_release=0 particles=9860 wake_rows=3072
2026-08-27 13:03:16,198 INFO IZRA-15-030 step 448/512 lesp=0.1257 lev_release=0 particles=10200 wake_rows=3072
2026-08-27 13:04:57,893 INFO IZRA-15-030 step 512/512 lesp=0.1278 lev_release=0 particles=9862 wake_rows=3072
2026-08-27 13:04:57,894 INFO IZRA-15-030 CT_raw=-0.138850 CT=-0.195850 (mean Fx=+19.973 N, 689.6 s, 2638 MiB)
2026-08-27 13:04:57,952 INFO [3/12] IZRA-15-045 (rectangular AR=3 finite wing, forward water flow U=3.048 m/s, Re=309677, heave h/c=0.6, pitch theta_max=15.0 deg at psi=45.0 deg, pivot x/c=0.75)
2026-08-27 13:05:17,289 INFO IZRA-15-045 step 64/512 lesp=0.1137 lev_release=0 particles=9862 wake_rows=1536
2026-08-27 13:06:17,533 INFO IZRA-15-045 step 128/512 lesp=0.1188 lev_release=0 particles=6804 wake_rows=3072
2026-08-27 13:07:52,242 INFO IZRA-15-045 step 192/512 lesp=0.1189 lev_release=0 particles=9522 wake_rows=3072
2026-08-27 13:09:25,881 INFO IZRA-15-045 step 256/512 lesp=0.1174 lev_release=0 particles=8502 wake_rows=3072
2026-08-27 13:11:01,950 INFO IZRA-15-045 step 320/512 lesp=0.1183 lev_release=0 particles=9184 wake_rows=3072
2026-08-27 13:12:35,789 INFO IZRA-15-045 step 384/512 lesp=0.1177 lev_release=0 particles=8500 wake_rows=3072
2026-08-27 13:14:09,309 INFO IZRA-15-045 step 448/512 lesp=0.1152 lev_release=0 particles=8508 wake_rows=3072
2026-08-27 13:15:42,475 INFO IZRA-15-045 step 512/512 lesp=0.1184 lev_release=0 particles=8848 wake_rows=3072
2026-08-27 13:15:42,475 INFO IZRA-15-045 CT_raw=-0.061741 CT=-0.118741 (mean Fx=+8.881 N, 644.5 s, 2638 MiB)
2026-08-27 13:15:42,533 INFO [4/12] IZRA-15-060 (rectangular AR=3 finite wing, forward water flow U=3.048 m/s, Re=309677, heave h/c=0.6, pitch theta_max=15.0 deg at psi=60.0 deg, pivot x/c=0.75)
2026-08-27 13:16:00,017 INFO IZRA-15-060 step 64/512 lesp=0.0901 lev_release=0 particles=8844 wake_rows=1536
2026-08-27 13:16:52,402 INFO IZRA-15-060 step 128/512 lesp=0.0950 lev_release=0 particles=4428 wake_rows=3072
2026-08-27 13:18:20,387 INFO IZRA-15-060 step 192/512 lesp=0.1000 lev_release=0 particles=9190 wake_rows=3072
2026-08-27 13:19:39,381 INFO IZRA-15-060 step 256/512 lesp=0.1195 lev_release=0 particles=4430 wake_rows=3072
2026-08-27 13:21:07,663 INFO IZRA-15-060 step 320/512 lesp=0.1122 lev_release=0 particles=9184 wake_rows=3072
2026-08-27 13:22:24,190 INFO IZRA-15-060 step 384/512 lesp=0.1215 lev_release=0 particles=3406 wake_rows=3072
2026-08-27 13:23:53,263 INFO IZRA-15-060 step 448/512 lesp=0.0998 lev_release=0 particles=9864 wake_rows=3072
2026-08-27 13:25:00,863 INFO IZRA-15-060 step 512/512 lesp=0.1003 lev_release=0 particles=0 wake_rows=3072
2026-08-27 13:25:00,863 INFO IZRA-15-060 CT_raw=+0.073256 CT=+0.016256 (mean Fx=-10.538 N, 558.3 s, 2638 MiB)
2026-08-27 13:25:00,922 INFO [5/12] IZRA-15-075 (rectangular AR=3 finite wing, forward water flow U=3.048 m/s, Re=309677, heave h/c=0.6, pitch theta_max=15.0 deg at psi=75.0 deg, pivot x/c=0.75)
2026-08-27 13:25:13,292 INFO IZRA-15-075 step 64/512 lesp=0.0574 lev_release=0 particles=5452 wake_rows=1536
2026-08-27 13:25:49,463 INFO IZRA-15-075 step 128/512 lesp=0.0663 lev_release=0 particles=0 wake_rows=3072
2026-08-27 13:26:53,371 INFO IZRA-15-075 step 192/512 lesp=0.0622 lev_release=0 particles=4766 wake_rows=3072
2026-08-27 13:27:50,695 INFO IZRA-15-075 step 256/512 lesp=0.0663 lev_release=0 particles=0 wake_rows=3072
2026-08-27 13:28:57,043 INFO IZRA-15-075 step 320/512 lesp=0.0714 lev_release=0 particles=4770 wake_rows=3072
2026-08-27 13:29:56,261 INFO IZRA-15-075 step 384/512 lesp=0.0759 lev_release=0 particles=0 wake_rows=3072
2026-08-27 13:31:09,119 INFO IZRA-15-075 step 448/512 lesp=0.0979 lev_release=0 particles=7144 wake_rows=3072
2026-08-27 13:32:14,215 INFO IZRA-15-075 step 512/512 lesp=0.0493 lev_release=0 particles=0 wake_rows=3072
2026-08-27 13:32:14,215 INFO IZRA-15-075 CT_raw=+0.191035 CT=+0.134035 (mean Fx=-27.480 N, 433.3 s, 2638 MiB)
2026-08-27 13:32:14,274 INFO [6/12] IZRA-15-090 (rectangular AR=3 finite wing, forward water flow U=3.048 m/s, Re=309677, heave h/c=0.6, pitch theta_max=15.0 deg at psi=90.0 deg, pivot x/c=0.75)
2026-08-27 13:32:19,463 INFO IZRA-15-090 step 64/512 lesp=0.0299 lev_release=0 particles=0 wake_rows=1536
2026-08-27 13:32:49,672 INFO IZRA-15-090 step 128/512 lesp=0.0311 lev_release=0 particles=0 wake_rows=3072
2026-08-27 13:33:40,023 INFO IZRA-15-090 step 192/512 lesp=0.0327 lev_release=0 particles=0 wake_rows=3072
2026-08-27 13:34:30,714 INFO IZRA-15-090 step 256/512 lesp=0.0314 lev_release=0 particles=0 wake_rows=3072
2026-08-27 13:35:21,348 INFO IZRA-15-090 step 320/512 lesp=0.0320 lev_release=0 particles=0 wake_rows=3072
2026-08-27 13:36:11,393 INFO IZRA-15-090 step 384/512 lesp=0.0320 lev_release=0 particles=0 wake_rows=3072
2026-08-27 13:37:01,431 INFO IZRA-15-090 step 448/512 lesp=0.0324 lev_release=0 particles=0 wake_rows=3072
2026-08-27 13:37:51,392 INFO IZRA-15-090 step 512/512 lesp=0.0317 lev_release=0 particles=0 wake_rows=3072
2026-08-27 13:37:51,392 INFO IZRA-15-090 CT_raw=+0.209115 CT=+0.152115 (mean Fx=-30.081 N, 337.1 s, 2638 MiB)
2026-08-27 13:37:51,451 INFO [7/12] IZRA-15-105 (rectangular AR=3 finite wing, forward water flow U=3.048 m/s, Re=309677, heave h/c=0.6, pitch theta_max=15.0 deg at psi=105.0 deg, pivot x/c=0.75)
2026-08-27 13:37:56,525 INFO IZRA-15-105 step 64/512 lesp=0.0267 lev_release=0 particles=0 wake_rows=1536
2026-08-27 13:38:26,153 INFO IZRA-15-105 step 128/512 lesp=0.0276 lev_release=0 particles=0 wake_rows=3072
2026-08-27 13:39:16,404 INFO IZRA-15-105 step 192/512 lesp=0.0251 lev_release=0 particles=0 wake_rows=3072
2026-08-27 13:40:06,561 INFO IZRA-15-105 step 256/512 lesp=0.0247 lev_release=0 particles=0 wake_rows=3072
2026-08-27 13:40:56,504 INFO IZRA-15-105 step 320/512 lesp=0.0235 lev_release=0 particles=0 wake_rows=3072
2026-08-27 13:41:46,609 INFO IZRA-15-105 step 384/512 lesp=0.0245 lev_release=0 particles=0 wake_rows=3072
2026-08-27 13:42:36,692 INFO IZRA-15-105 step 448/512 lesp=0.0237 lev_release=0 particles=0 wake_rows=3072
2026-08-27 13:43:26,653 INFO IZRA-15-105 step 512/512 lesp=0.0244 lev_release=0 particles=0 wake_rows=3072
2026-08-27 13:43:26,654 INFO IZRA-15-105 CT_raw=+0.280617 CT=+0.223617 (mean Fx=-40.367 N, 335.2 s, 2638 MiB)
2026-08-27 13:43:26,712 INFO [8/12] IZRA-25-045 (rectangular AR=3 finite wing, forward water flow U=3.048 m/s, Re=309677, heave h/c=0.6, pitch theta_max=25.0 deg at psi=45.0 deg, pivot x/c=0.75)
2026-08-27 13:43:45,835 INFO IZRA-25-045 step 64/512 lesp=0.2361 lev_release=0 particles=8842 wake_rows=1536
2026-08-27 13:44:48,512 INFO IZRA-25-045 step 128/512 lesp=0.2513 lev_release=24 particles=8840 wake_rows=3072
2026-08-27 13:46:27,604 INFO IZRA-25-045 step 192/512 lesp=0.2466 lev_release=24 particles=9520 wake_rows=3072
2026-08-27 13:48:05,183 INFO IZRA-25-045 step 256/512 lesp=0.2416 lev_release=24 particles=9860 wake_rows=3072
2026-08-27 13:49:44,675 INFO IZRA-25-045 step 320/512 lesp=0.2483 lev_release=24 particles=9520 wake_rows=3072
2026-08-27 13:51:20,879 INFO IZRA-25-045 step 384/512 lesp=0.2386 lev_release=24 particles=9860 wake_rows=3072
2026-08-27 13:52:59,888 INFO IZRA-25-045 step 448/512 lesp=0.2402 lev_release=24 particles=9860 wake_rows=3072
2026-08-27 13:54:37,357 INFO IZRA-25-045 step 512/512 lesp=0.2510 lev_release=24 particles=9180 wake_rows=3072
2026-08-27 13:54:37,358 INFO IZRA-25-045 CT_raw=-0.159178 CT=-0.216178 (mean Fx=+22.898 N, 670.6 s, 2638 MiB)
2026-08-27 13:54:37,416 INFO [9/12] IZRA-25-060 (rectangular AR=3 finite wing, forward water flow U=3.048 m/s, Re=309677, heave h/c=0.6, pitch theta_max=25.0 deg at psi=60.0 deg, pivot x/c=0.75)
2026-08-27 13:54:52,014 INFO IZRA-25-060 step 64/512 lesp=0.2182 lev_release=0 particles=6124 wake_rows=1536
2026-08-27 13:55:44,965 INFO IZRA-25-060 step 128/512 lesp=0.2160 lev_release=0 particles=6464 wake_rows=3072
2026-08-27 13:57:13,662 INFO IZRA-25-060 step 192/512 lesp=0.2088 lev_release=0 particles=7824 wake_rows=3072
2026-08-27 13:58:32,189 INFO IZRA-25-060 step 256/512 lesp=0.2139 lev_release=0 particles=5444 wake_rows=3072
2026-08-27 13:59:57,580 INFO IZRA-25-060 step 320/512 lesp=0.2108 lev_release=0 particles=7486 wake_rows=3072
2026-08-27 14:01:19,070 INFO IZRA-25-060 step 384/512 lesp=0.2164 lev_release=0 particles=6130 wake_rows=3072
2026-08-27 14:02:43,416 INFO IZRA-25-060 step 448/512 lesp=0.2068 lev_release=0 particles=7144 wake_rows=3072
2026-08-27 14:04:04,256 INFO IZRA-25-060 step 512/512 lesp=0.2075 lev_release=0 particles=6124 wake_rows=3072
2026-08-27 14:04:04,256 INFO IZRA-25-060 CT_raw=-0.084461 CT=-0.141461 (mean Fx=+12.150 N, 566.8 s, 2638 MiB)
2026-08-27 14:04:04,315 INFO [10/12] IZRA-25-075 (rectangular AR=3 finite wing, forward water flow U=3.048 m/s, Re=309677, heave h/c=0.6, pitch theta_max=25.0 deg at psi=75.0 deg, pivot x/c=0.75)
2026-08-27 14:04:09,332 INFO IZRA-25-075 step 64/512 lesp=0.1435 lev_release=0 particles=0 wake_rows=1536
2026-08-27 14:04:38,415 INFO IZRA-25-075 step 128/512 lesp=0.1490 lev_release=0 particles=0 wake_rows=3072
2026-08-27 14:05:27,511 INFO IZRA-25-075 step 192/512 lesp=0.1596 lev_release=0 particles=0 wake_rows=3072
2026-08-27 14:06:16,556 INFO IZRA-25-075 step 256/512 lesp=0.1630 lev_release=0 particles=0 wake_rows=3072
2026-08-27 14:07:05,833 INFO IZRA-25-075 step 320/512 lesp=0.1484 lev_release=0 particles=0 wake_rows=3072
2026-08-27 14:07:55,313 INFO IZRA-25-075 step 384/512 lesp=0.1652 lev_release=0 particles=0 wake_rows=3072
2026-08-27 14:08:44,511 INFO IZRA-25-075 step 448/512 lesp=0.1556 lev_release=0 particles=0 wake_rows=3072
2026-08-27 14:09:33,642 INFO IZRA-25-075 step 512/512 lesp=0.1389 lev_release=0 particles=0 wake_rows=3072
2026-08-27 14:09:33,643 INFO IZRA-25-075 CT_raw=+0.063444 CT=+0.006444 (mean Fx=-9.126 N, 329.3 s, 2638 MiB)
2026-08-27 14:09:33,701 INFO [11/12] IZRA-25-090 (rectangular AR=3 finite wing, forward water flow U=3.048 m/s, Re=309677, heave h/c=0.6, pitch theta_max=25.0 deg at psi=90.0 deg, pivot x/c=0.75)
2026-08-27 14:09:38,690 INFO IZRA-25-090 step 64/512 lesp=0.1123 lev_release=0 particles=0 wake_rows=1536
2026-08-27 14:10:07,852 INFO IZRA-25-090 step 128/512 lesp=0.0419 lev_release=0 particles=0 wake_rows=3072
2026-08-27 14:10:56,950 INFO IZRA-25-090 step 192/512 lesp=0.0924 lev_release=0 particles=0 wake_rows=3072
2026-08-27 14:11:46,198 INFO IZRA-25-090 step 256/512 lesp=0.0883 lev_release=0 particles=0 wake_rows=3072
2026-08-27 14:12:35,319 INFO IZRA-25-090 step 320/512 lesp=0.0837 lev_release=0 particles=0 wake_rows=3072
2026-08-27 14:13:24,830 INFO IZRA-25-090 step 384/512 lesp=0.0785 lev_release=0 particles=0 wake_rows=3072
2026-08-27 14:14:14,207 INFO IZRA-25-090 step 448/512 lesp=0.0905 lev_release=0 particles=0 wake_rows=3072
2026-08-27 14:15:03,501 INFO IZRA-25-090 step 512/512 lesp=0.0992 lev_release=0 particles=0 wake_rows=3072
2026-08-27 14:15:03,502 INFO IZRA-25-090 CT_raw=+0.207439 CT=+0.150439 (mean Fx=-29.840 N, 329.8 s, 2638 MiB)
2026-08-27 14:15:03,560 INFO [12/12] IZRA-25-105 (rectangular AR=3 finite wing, forward water flow U=3.048 m/s, Re=309677, heave h/c=0.6, pitch theta_max=25.0 deg at psi=105.0 deg, pivot x/c=0.75)
2026-08-27 14:15:08,557 INFO IZRA-25-105 step 64/512 lesp=0.0147 lev_release=0 particles=0 wake_rows=1536
2026-08-27 14:15:37,800 INFO IZRA-25-105 step 128/512 lesp=0.0336 lev_release=0 particles=0 wake_rows=3072
2026-08-27 14:16:27,169 INFO IZRA-25-105 step 192/512 lesp=0.0164 lev_release=0 particles=0 wake_rows=3072
2026-08-27 14:17:16,328 INFO IZRA-25-105 step 256/512 lesp=0.0223 lev_release=0 particles=0 wake_rows=3072
2026-08-27 14:18:05,131 INFO IZRA-25-105 step 320/512 lesp=0.0180 lev_release=0 particles=0 wake_rows=3072
2026-08-27 14:18:54,067 INFO IZRA-25-105 step 384/512 lesp=0.0386 lev_release=0 particles=0 wake_rows=3072
2026-08-27 14:19:43,191 INFO IZRA-25-105 step 448/512 lesp=0.0268 lev_release=0 particles=0 wake_rows=3072
2026-08-27 14:20:32,726 INFO IZRA-25-105 step 512/512 lesp=0.0213 lev_release=0 particles=0 wake_rows=3072
2026-08-27 14:20:32,726 INFO IZRA-25-105 CT_raw=+0.260685 CT=+0.203685 (mean Fx=-37.499 N, 329.2 s, 2638 MiB)
2026-08-27 14:20:32,784 INFO 14-marker MAE=0.209959047967 RMSE=0.249279984142 bias=-0.158689921605 max=0.416218003005 at [15.0, 15.0] (gate 0.017452113111)
